// Jest Snapshot v1, https://goo.gl/fbAQLP

exports[`DevTools component renders 1`] = `
ShallowWrapper {
  "complexSelector": ComplexSelector {
    "buildPredicate": [Function],
    "childrenOfNode": [Function],
    "findWhereUnwrapped": [Function],
  },
  "length": 1,
  "node": <MuiThemeProvider>
    <Paper
        circle={false}
        rounded={true}
        style={
            Object {
                "bottom": 10,
                "left": 10,
                "padding": "0 20",
                "position": "absolute",
                "right": 10,
                "top": 10,
              }
        }
        transitionEnabled={true}
        zDepth={1}
    >
        <styled.div>
            <CircularProgress
                max={100}
                min={0}
                mode="indeterminate"
                size={40}
                thickness={3.5}
                value={0}
            />
        </styled.div>
        <styled.div>
            <styled.h5>
                Parrot Settings
            </styled.h5>
            <GeneralControls
                onRefresh={[Function]}
                setUrl={[Function]}
                url="http://localhost:3000"
            />
        </styled.div>
    </Paper>
</MuiThemeProvider>,
  "nodes": Array [
    <MuiThemeProvider>
      <Paper
            circle={false}
            rounded={true}
            style={
                  Object {
                        "bottom": 10,
                        "left": 10,
                        "padding": "0 20",
                        "position": "absolute",
                        "right": 10,
                        "top": 10,
                      }
            }
            transitionEnabled={true}
            zDepth={1}
      >
            <styled.div>
                  <CircularProgress
                        max={100}
                        min={0}
                        mode="indeterminate"
                        size={40}
                        thickness={3.5}
                        value={0}
                  />
            </styled.div>
            <styled.div>
                  <styled.h5>
                        Parrot Settings
                  </styled.h5>
                  <GeneralControls
                        onRefresh={[Function]}
                        setUrl={[Function]}
                        url="http://localhost:3000"
                  />
            </styled.div>
      </Paper>
</MuiThemeProvider>,
  ],
  "options": Object {},
  "renderer": ReactShallowRenderer {
    "_instance": ShallowComponentWrapper {
      "_calledComponentWillUnmount": false,
      "_compositeType": 0,
      "_context": Object {},
      "_currentElement": <DevTools
        url="http://localhost:3000"
/>,
      "_hostContainerInfo": null,
      "_hostParent": null,
      "_instance": DevTools {
        "_reactInternalInstance": [Circular],
        "context": Object {},
        "loadSections": [Function],
        "props": Object {
          "url": "http://localhost:3000",
        },
        "refs": Object {},
        "setUrl": [Function],
        "state": Object {
          "error": false,
          "plugins": Array [],
          "url": "http://localhost:3000",
        },
        "updater": Object {
          "enqueueCallback": [Function],
          "enqueueCallbackInternal": [Function],
          "enqueueElementInternal": [Function],
          "enqueueForceUpdate": [Function],
          "enqueueReplaceState": [Function],
          "enqueueSetState": [Function],
          "isMounted": [Function],
          "validateCallback": [Function],
        },
      },
      "_mountOrder": 1,
      "_pendingCallbacks": null,
      "_pendingElement": null,
      "_pendingForceUpdate": false,
      "_pendingReplaceState": false,
      "_pendingStateQueue": null,
      "_renderedComponent": NoopInternalComponent {
        "_currentElement": <MuiThemeProvider>
          <Paper
                    circle={false}
                    rounded={true}
                    style={
                              Object {
                                        "bottom": 10,
                                        "left": 10,
                                        "padding": "0 20",
                                        "position": "absolute",
                                        "right": 10,
                                        "top": 10,
                                      }
                    }
                    transitionEnabled={true}
                    zDepth={1}
          >
                    <styled.div>
                              <CircularProgress
                                        max={100}
                                        min={0}
                                        mode="indeterminate"
                                        size={40}
                                        thickness={3.5}
                                        value={0}
                              />
                    </styled.div>
                    <styled.div>
                              <styled.h5>
                                        Parrot Settings
                              </styled.h5>
                              <GeneralControls
                                        onRefresh={[Function]}
                                        setUrl={[Function]}
                                        url="http://localhost:3000"
                              />
                    </styled.div>
          </Paper>
</MuiThemeProvider>,
        "_renderedOutput": <MuiThemeProvider>
          <Paper
                    circle={false}
                    rounded={true}
                    style={
                              Object {
                                        "bottom": 10,
                                        "left": 10,
                                        "padding": "0 20",
                                        "position": "absolute",
                                        "right": 10,
                                        "top": 10,
                                      }
                    }
                    transitionEnabled={true}
                    zDepth={1}
          >
                    <styled.div>
                              <CircularProgress
                                        max={100}
                                        min={0}
                                        mode="indeterminate"
                                        size={40}
                                        thickness={3.5}
                                        value={0}
                              />
                    </styled.div>
                    <styled.div>
                              <styled.h5>
                                        Parrot Settings
                              </styled.h5>
                              <GeneralControls
                                        onRefresh={[Function]}
                                        setUrl={[Function]}
                                        url="http://localhost:3000"
                              />
                    </styled.div>
          </Paper>
</MuiThemeProvider>,
      },
      "_renderedNodeType": 1,
      "_rootNodeID": 0,
      "_topLevelWrapper": null,
      "_updateBatchNumber": null,
    },
    "getRenderOutput": [Function],
    "render": [Function],
  },
  "root": [Circular],
  "unrendered": <DevTools
    url="http://localhost:3000"
/>,
}
`;
