// Jest Snapshot v1, https://goo.gl/fbAQLP

exports[`MiddlewareControls component renders 1`] = `
ShallowWrapper {
  "complexSelector": ComplexSelector {
    "buildPredicate": [Function],
    "childrenOfNode": [Function],
    "findWhereUnwrapped": [Function],
  },
  "length": 1,
  "node": <CircularProgress
    max={100}
    min={0}
    mode="indeterminate"
    size={40}
    thickness={3.5}
    value={0}
/>,
  "nodes": Array [
    <CircularProgress
      max={100}
      min={0}
      mode="indeterminate"
      size={40}
      thickness={3.5}
      value={0}
/>,
  ],
  "options": Object {},
  "renderer": ReactShallowRenderer {
    "_instance": ShallowComponentWrapper {
      "_calledComponentWillUnmount": false,
      "_compositeType": 0,
      "_context": Object {},
      "_currentElement": <MiddlewareControls
        url="http://localhost:8080"
/>,
      "_debugID": 1,
      "_hostContainerInfo": null,
      "_hostParent": null,
      "_instance": MiddlewareControls {
        "_reactInternalInstance": [Circular],
        "context": Object {},
        "createUrl": [Function],
        "props": Object {
          "url": "http://localhost:8080",
        },
        "refs": Object {},
        "setScenario": [Function],
        "state": Object {
          "error": null,
          "loading": true,
          "scenario": "",
          "scenarios": Object {},
        },
        "updater": Object {
          "enqueueCallback": [Function],
          "enqueueCallbackInternal": [Function],
          "enqueueElementInternal": [Function],
          "enqueueForceUpdate": [Function],
          "enqueueReplaceState": [Function],
          "enqueueSetState": [Function],
          "isMounted": [Function],
          "validateCallback": [Function],
        },
      },
      "_mountOrder": 1,
      "_pendingCallbacks": null,
      "_pendingElement": null,
      "_pendingForceUpdate": false,
      "_pendingReplaceState": false,
      "_pendingStateQueue": null,
      "_renderedComponent": NoopInternalComponent {
        "_currentElement": <CircularProgress
          max={100}
          min={0}
          mode="indeterminate"
          size={40}
          thickness={3.5}
          value={0}
/>,
        "_debugID": 2,
        "_renderedOutput": <CircularProgress
          max={100}
          min={0}
          mode="indeterminate"
          size={40}
          thickness={3.5}
          value={0}
/>,
      },
      "_renderedNodeType": 1,
      "_rootNodeID": 0,
      "_topLevelWrapper": null,
      "_updateBatchNumber": null,
      "_warnedAboutRefsInRender": false,
    },
    "getRenderOutput": [Function],
    "render": [Function],
  },
  "root": [Circular],
  "unrendered": <MiddlewareControls
    url="http://localhost:8080"
/>,
}
`;
