// Jest Snapshot v1, https://goo.gl/fbAQLP

exports[`API exports correct API 1`] = `
Object {
  "default": [Function],
  "setupCmdArgs": [Function],
}
`;
