// Jest Snapshot v1, https://goo.gl/fbAQLP

exports[`MiddlewareControls component renders 1`] = `
<CircularProgress
  max={100}
  min={0}
  mode="indeterminate"
  size={40}
  thickness={3.5}
  value={0}
/>
`;
